<?xml version="1.0" encoding="UTF-8"?><mappingRoot xmlns="http://www.ibm.com/2008/ccl/Mapping" domainID="com.ibm.msl.mapping.xml" targetNamespace="http://Access-ApplicationGC/xslt/calculate_Premium_OutputMap" version="8.0.4.0" xmlns:map="http://Access-ApplicationGC/xslt/calculate_Premium_OutputMap">
    <input correlationContext="{http://Access-ApplicationGC}correlationBO" message="{WebService_RefundDetails}PremiumCalculationSoapOut" sharedContext="" smoName="wsdl-primary" transientContext="" type="smo" types="" xpath="/body"/>
    <output correlationContext="{http://Access-ApplicationGC}correlationBO" message="{http://GCDomain-v1.0.0/org/tataaig/access/RetrieveAccessGC}calculateCancellationRefundResponseMsg" sharedContext="" smoName="wsdl-primary" transientContext="" type="smo" types="" xpath="/body"/>
    <namespaces>
        <namespace kind="supplement" prefix="in2" uri="wsdl.WebService_RefundDetails"/>
        <namespace kind="supplement" prefix="io5" uri="http://www.ibm.com/xmlns/prod/websphere/http/sca/6.1.0"/>
        <namespace kind="supplement" prefix="io4" uri="http://www.w3.org/2003/05/soap-envelope"/>
        <namespace kind="supplement" prefix="io3" uri="http://www.ibm.com/xmlns/prod/websphere/mq/sca/6.0.0"/>
        <namespace kind="supplement" prefix="io2" uri="http://www.ibm.com/websphere/sibx/smo/v6.0.1"/>
        <namespace kind="supplement" prefix="io6" uri="http://www.w3.org/2005/08/addressing"/>
        <namespace kind="supplement" prefix="in" uri="WebService_RefundDetails"/>
        <namespace kind="supplement" prefix="io" uri="http://schemas.xmlsoap.org/ws/2004/08/addressing"/>
        <namespace kind="supplement" prefix="out3" uri="http://GCLibrary/org/aig/access/BO"/>
        <namespace kind="supplement" prefix="out2" uri="wsdl.http://GCDomain-v1.0.0/org/tataaig/access/RetrieveAccessGC"/>
        <namespace kind="supplement" prefix="out4" uri="http://GCDomain-v1.0.0/org/tataaig/access/RetrieveAccessGC"/>
        <namespace kind="supplement" prefix="out" uri="http://RACASBO"/>
    </namespaces>
    <mappingDeclaration name="calculate_Premium_OutputMap">
        <input path="body"/>
        <output path="body"/>
        <assign value="5000">
            <output path="calculateCancellationRefundResponse/response/netPremium"/>
        </assign>
        <assign value="500">
            <output path="calculateCancellationRefundResponse/response/jk_gst"/>
        </assign>
        <assign value="500">
            <output path="calculateCancellationRefundResponse/response/gst"/>
        </assign>
        <assign value="1000">
            <output path="calculateCancellationRefundResponse/response/stampDuty"/>
        </assign>
        <assign value="7000">
            <output path="calculateCancellationRefundResponse/response/totalPremium"/>
        </assign>
    </mappingDeclaration>
</mappingRoot>