<?xml version="1.0" encoding="UTF-8"?><mappingRoot xmlns="http://www.ibm.com/2008/ccl/Mapping" domainID="com.ibm.msl.mapping.xml" targetNamespace="http://Access-ApplicationGC/xslt/calculatePremium_TradeCredit_OutputMap_res_1" version="8.0.4.0" xmlns:map="http://Access-ApplicationGC/xslt/calculatePremium_TradeCredit_OutputMap_res_1">
    <input correlationContext="{http://Access-ApplicationGC}correlationBO" message="{http://com.tagic.esb.RASTradeCreditStub/wsdl/RASTradeCreditService/}webServicePremiumCalculationDtlsResponse" sharedContext="" smoName="wsdl-primary" transientContext="" type="smo" types="" xpath="/"/>
    <output correlationContext="{http://Access-ApplicationGC}correlationBO" message="{http://stub.unotechsoft.com/wsdl/RASMotor/}webServicePremiumCalculationDtlsResponse" sharedContext="" smoName="wsdl-primary" transientContext="" type="smo" types="" xpath="/"/>
    <namespaces>
        <namespace kind="supplement" prefix="in2" uri="WebService_RefundCancellationTradeCredit"/>
        <namespace kind="supplement" prefix="in3" uri="wsdl.http://com.tagic.esb.RASTradeCreditStub/wsdl/RASTradeCreditService/"/>
        <namespace kind="supplement" prefix="io5" uri="http://www.ibm.com/xmlns/prod/websphere/http/sca/6.1.0"/>
        <namespace kind="supplement" prefix="io4" uri="http://www.w3.org/2003/05/soap-envelope"/>
        <namespace kind="supplement" prefix="io3" uri="http://www.ibm.com/xmlns/prod/websphere/mq/sca/6.0.0"/>
        <namespace kind="supplement" prefix="io2" uri="http://www.ibm.com/websphere/sibx/smo/v6.0.1"/>
        <namespace kind="supplement" prefix="io6" uri="http://www.w3.org/2005/08/addressing"/>
        <namespace kind="supplement" prefix="io7" uri="http://Access-ApplicationGC"/>
        <namespace kind="supplement" prefix="in" uri="http://com.tagic.esb.RASTradeCreditStub/wsdl/RASTradeCreditService/"/>
        <namespace kind="supplement" prefix="io" uri="http://schemas.xmlsoap.org/ws/2004/08/addressing"/>
        <namespace kind="supplement" prefix="out3" uri="wsdl.http://stub.unotechsoft.com/wsdl/RASMotor/"/>
        <namespace kind="supplement" prefix="out2" uri="http://stub.unotechsoft.com/wsdl/RASMotor/"/>
        <namespace kind="supplement" prefix="out" uri="WebService_RefundCancellationDtls"/>
    </namespaces>
    <mappingDeclaration name="calculatePremium_TradeCredit_OutputMap_res_1">
        <input namespace="http://www.ibm.com/websphere/sibx/smo/v6.0.1" path="smo"/>
        <output namespace="http://www.ibm.com/websphere/sibx/smo/v6.0.1" path="smo"/>
        <move>
            <input path="body/webServicePremiumCalculationDtlsResponse/WebService_PremiumCalculationDtlsResult/NetPremium"/>
            <output path="body/webServicePremiumCalculationDtlsResponse/WebService_PremiumCalculationDtlsResult/NetPremium"/>
        </move>
        <move>
            <input path="body/webServicePremiumCalculationDtlsResponse/WebService_PremiumCalculationDtlsResult/GST"/>
            <output path="body/webServicePremiumCalculationDtlsResponse/WebService_PremiumCalculationDtlsResult/GST"/>
        </move>
        <move>
            <input path="body/webServicePremiumCalculationDtlsResponse/WebService_PremiumCalculationDtlsResult/JKGST"/>
            <output path="body/webServicePremiumCalculationDtlsResponse/WebService_PremiumCalculationDtlsResult/JKGST"/>
        </move>
        <move>
            <input path="body/webServicePremiumCalculationDtlsResponse/WebService_PremiumCalculationDtlsResult/StampDuty"/>
            <output path="body/webServicePremiumCalculationDtlsResponse/WebService_PremiumCalculationDtlsResult/StampDuty"/>
        </move>
        <move>
            <input path="body/webServicePremiumCalculationDtlsResponse/WebService_PremiumCalculationDtlsResult/TotalPremium"/>
            <output path="body/webServicePremiumCalculationDtlsResponse/WebService_PremiumCalculationDtlsResult/TotalPremium"/>
        </move>
        <move>
            <input path="body/webServicePremiumCalculationDtlsResponse/WebService_PremiumCalculationDtlsResult/Status"/>
            <output path="body/webServicePremiumCalculationDtlsResponse/WebService_PremiumCalculationDtlsResult/Status"/>
        </move>
        <move>
            <input path="body/webServicePremiumCalculationDtlsResponse/WebService_PremiumCalculationDtlsResult/ErrorID"/>
            <output path="body/webServicePremiumCalculationDtlsResponse/WebService_PremiumCalculationDtlsResult/ErrorID"/>
        </move>
        <move>
            <input path="body/webServicePremiumCalculationDtlsResponse/WebService_PremiumCalculationDtlsResult/ErrorDesc"/>
            <output path="body/webServicePremiumCalculationDtlsResponse/WebService_PremiumCalculationDtlsResult/ErrorDesc"/>
        </move>
        <move>
            <input path="context/correlation"/>
            <output path="context/correlation"/>
        </move>
    </mappingDeclaration>
</mappingRoot>