<?xml version="1.0" encoding="UTF-8"?><mappingRoot xmlns="http://www.ibm.com/2008/ccl/Mapping" domainID="com.ibm.msl.mapping.xml" targetNamespace="http://RASAccess-ApplicationGC/xslt/CalloutErrorHandlerCancellationRefundRequest" version="8.0.4.0" xmlns:map="http://RASAccess-ApplicationGC/xslt/CalloutErrorHandlerCancellationRefundRequest">
    <input correlationContext="{http://Access-ApplicationGC}correlationBO" message="{http://stub.tagicesb.com/wsdl/RASGenericService/}refundRequest" sharedContext="" smoName="wsdl-primary" transientContext="" type="smo" types="" xpath="/"/>
    <output correlationContext="{http://Access-ApplicationGC}correlationBO" message="{http://GCDomain-v1.0.0/org/tataaig/access/MaintainAccessGC}createCancellationRefund_createCancellationRefundFaultMsg" sharedContext="" smoName="wsdl-primary" transientContext="" type="smo" types="" xpath="/"/>
    <namespaces>
        <namespace kind="supplement" prefix="in2" uri="http://stub.tagicesb.com/wsdl/RASGenericService/"/>
        <namespace kind="supplement" prefix="io5" uri="http://www.w3.org/2005/08/addressing"/>
        <namespace kind="supplement" prefix="io4" uri="http://www.ibm.com/xmlns/prod/websphere/http/sca/6.1.0"/>
        <namespace kind="supplement" prefix="io3" uri="http://www.ibm.com/websphere/sibx/smo/v6.0.1"/>
        <namespace kind="supplement" prefix="io2" uri="http://www.ibm.com/xmlns/prod/websphere/mq/sca/6.0.0"/>
        <namespace kind="supplement" prefix="io6" uri="http://Access-ApplicationGC"/>
        <namespace kind="supplement" prefix="io7" uri="http://www.w3.org/2003/05/soap-envelope"/>
        <namespace kind="supplement" prefix="in" uri="wsdl.http://stub.tagicesb.com/wsdl/RASGenericService/"/>
        <namespace kind="supplement" prefix="io" uri="http://schemas.xmlsoap.org/ws/2004/08/addressing"/>
        <namespace kind="supplement" prefix="out3" uri="http://GCDomain-v1.0.0/org/tataaig/access/MaintainAccessGC"/>
        <namespace kind="supplement" prefix="out2" uri="http://GCLibrary/org/aig/access/BO"/>
        <namespace kind="supplement" prefix="out5" uri="http://RACASBO"/>
        <namespace kind="supplement" prefix="out4" uri="wsdl.http://GCDomain-v1.0.0/org/tataaig/access/MaintainAccessGC"/>
        <namespace kind="supplement" prefix="out" uri="http://GCLibrary/org/aig/access/bo"/>
    </namespaces>
    <mappingDeclaration name="CalloutErrorHandlerCancellationRefundRequest">
        <input namespace="http://www.ibm.com/websphere/sibx/smo/v6.0.1" path="smo"/>
        <output namespace="http://www.ibm.com/websphere/sibx/smo/v6.0.1" path="smo"/>
        <assign value="FAILED">
            <output path="body/createCancellationRefundFault1_createCancellationRefundFault/status"/>
        </assign>
        <move>
            <input path="context/correlation"/>
            <output path="context/correlation"/>
        </move>
        <move>
            <input path="context/failInfo"/>
            <output path="context/failInfo"/>
        </move>
        <move>
            <input path="context/failInfo/failureString"/>
            <output path="body/createCancellationRefundFault1_createCancellationRefundFault/error[1]/message"/>
        </move>
        <move>
            <input path="context/failInfo/origin"/>
            <output path="body/createCancellationRefundFault1_createCancellationRefundFault/error[1]/errorDetail"/>
        </move>
    </mappingDeclaration>
</mappingRoot>