<?xml version="1.0" encoding="UTF-8"?><mappingRoot xmlns="http://www.ibm.com/2008/ccl/Mapping" domainID="com.ibm.msl.mapping.xml" targetNamespace="http://Access-ApplicationGC/xslt/create_ExcessRefund_InputMap_req_1" version="8.0.5.0" xmlns:map="http://Access-ApplicationGC/xslt/create_ExcessRefund_InputMap_req_1">
    <input correlationContext="{http://Access-ApplicationGC}correlationBO" message="{http://GCDomain-v1.0.0/org/tataaig/access/MaintainAccessGC}createExcessRefundRequestMsg" sharedContext="" smoName="wsdl-primary" transientContext="" type="smo" types="" xpath="/"/>
    <output correlationContext="{http://Access-ApplicationGC}correlationBO" message="{http://stub.tagicesb.com/wsdl/RASGenericService/}excessRefund" sharedContext="" smoName="wsdl-primary" transientContext="" type="smo" types="" xpath="/"/>
    <namespaces>
        <namespace kind="supplement" prefix="in2" uri="http://GCLibrary/org/aig/access/BO"/>
        <namespace kind="supplement" prefix="in4" uri="wsdl.http://GCDomain-v1.0.0/org/tataaig/access/MaintainAccessGC"/>
        <namespace kind="supplement" prefix="in3" uri="http://GCDomain-v1.0.0/org/tataaig/access/MaintainAccessGC"/>
        <namespace kind="supplement" prefix="io5" uri="http://www.ibm.com/xmlns/prod/websphere/http/sca/6.1.0"/>
        <namespace kind="supplement" prefix="io4" uri="http://www.w3.org/2003/05/soap-envelope"/>
        <namespace kind="supplement" prefix="io3" uri="http://www.ibm.com/xmlns/prod/websphere/mq/sca/6.0.0"/>
        <namespace kind="supplement" prefix="io2" uri="http://www.ibm.com/websphere/sibx/smo/v6.0.1"/>
        <namespace kind="supplement" prefix="io6" uri="http://www.w3.org/2005/08/addressing"/>
        <namespace kind="supplement" prefix="io7" uri="http://Access-ApplicationGC"/>
        <namespace kind="supplement" prefix="in5" uri="http://RACASBO"/>
        <namespace kind="supplement" prefix="in" uri="http://GCLibrary/org/aig/access/bo"/>
        <namespace kind="supplement" prefix="io" uri="http://schemas.xmlsoap.org/ws/2004/08/addressing"/>
        <namespace kind="supplement" prefix="out2" uri="http://stub.tagicesb.com/wsdl/RASGenericService/"/>
        <namespace kind="supplement" prefix="out" uri="wsdl.http://stub.tagicesb.com/wsdl/RASGenericService/"/>
        <namespace kind="supplement" prefix="out3" uri="WebService_AccRefundRequest"/>
        <namespace kind="supplement" prefix="out4" uri="http://stub.tagicesb.com/wsdl/RASHealthService/"/>
        <namespace kind="supplement" prefix="out5" uri="WebService_RefundDetails"/>
        <namespace kind="supplement" prefix="out6" uri="WebService_RefundCancellationDtls"/>
    </namespaces>
    <mappingDeclaration name="create_ExcessRefund_InputMap_req_1">
        <input namespace="http://www.ibm.com/websphere/sibx/smo/v6.0.1" path="smo"/>
        <output namespace="http://www.ibm.com/websphere/sibx/smo/v6.0.1" path="smo"/>
        <move>
            <input path="context/correlation"/>
            <output path="context/correlation"/>
        </move>
        <move>
            <input path="body/createExcessRefund/excessRefundInput/source"/>
            <output path="body/excessRefund/source"/>
        </move>
        <move>
            <input path="body/createExcessRefund/excessRefundInput/medium"/>
            <output path="body/excessRefund/medium"/>
        </move>
        <move>
            <input path="body/createExcessRefund/excessRefundInput/campaign"/>
            <output path="body/excessRefund/campaign"/>
        </move>
        <move>
            <input path="body/createExcessRefund/excessRefundInput/strServiceToken"/>
            <output path="body/excessRefund/strServiceToken"/>
        </move>
        <move>
            <input path="body/createExcessRefund/excessRefundData/userId"/>
            <output path="body/excessRefund/UserId"/>
        </move>
        <move>
            <input path="body/createExcessRefund/excessRefundData/payerType"/>
            <output path="body/excessRefund/PayerType"/>
        </move>
        <move>
            <input path="body/createExcessRefund/excessRefundData/payerId"/>
            <output path="body/excessRefund/PayerID"/>
        </move>
        <move>
            <input path="body/createExcessRefund/excessRefundData/payeeName"/>
            <output path="body/excessRefund/PayeeName"/>
        </move>
        <move>
            <input path="body/createExcessRefund/excessRefundData/receiptNo"/>
            <output path="body/excessRefund/ReceiptNo"/>
        </move>
        <move>
            <input path="body/createExcessRefund/excessRefundData/receiptRefundAmount"/>
            <output path="body/excessRefund/ReceiptRefundamount"/>
        </move>
        <move>
            <input path="body/createExcessRefund/excessRefundData/paymentMode"/>
            <output path="body/excessRefund/PaymentMode"/>
        </move>
        <move>
            <input path="body/createExcessRefund/excessRefundData/payeeBank"/>
            <output path="body/excessRefund/PayeeBank"/>
        </move>
        <move>
            <input path="body/createExcessRefund/excessRefundData/payeeIfscCode"/>
            <output path="body/excessRefund/PayeeIFSCcode"/>
        </move>
        <move>
            <input path="body/createExcessRefund/excessRefundData/payeeBankAccNo"/>
            <output path="body/excessRefund/PayeeBankAccNo"/>
        </move>
        <move>
            <input path="body/createExcessRefund/excessRefundData/chequeNumber"/>
            <output path="body/excessRefund/ChequeNumber"/>
        </move>
        <move>
            <input path="body/createExcessRefund/excessRefundData/payeeAddress"/>
            <output path="body/excessRefund/PayeeAddress"/>
        </move>
        <move>
            <input path="body/createExcessRefund/excessRefundData/ppcAmt"/>
            <output path="body/excessRefund/PPCAmt"/>
        </move>
        <move>
            <input path="body/createExcessRefund/excessRefundData/chequeType"/>
            <output path="body/excessRefund/ChequeType"/>
        </move>
        <function lang="xpath" ref="substring-after">
            <input path="body/createExcessRefund/excessRefundData/RASTicketNo" var="RASTicketNo1"/>
            <output path="body/excessRefund/GCTransID"/>
            <param name="string1" value="$RASTicketNo1"/>
            <param name="string2" value="'RAS-'"/>
        </function>
        <move>
            <input path="body/createExcessRefund/excessRefundData/RASTicketNo"/>
            <output path="body/excessRefund/RASTicketNo"/>
        </move>
    </mappingDeclaration>
</mappingRoot>