<?xml version="1.0" encoding="UTF-8"?><mappingRoot xmlns="http://www.ibm.com/2008/ccl/Mapping" domainID="com.ibm.msl.mapping.xml" targetNamespace="http://Access-ApplicationGC/xslt/find_Proposals_InputMap_req_1" version="8.0.4.0" xmlns:map="http://Access-ApplicationGC/xslt/find_Proposals_InputMap_req_1">
    <input correlationContext="{http://Access-ApplicationGC}correlationBO" message="{http://GCDomain-v1.0.0/org/tataaig/access/RetrieveAccessGC}findProposalsRequestMsg" sharedContext="" smoName="wsdl-primary" transientContext="" type="smo" types="" xpath="/body"/>
    <output correlationContext="{http://Access-ApplicationGC}correlationBO" message="{http://stub.tagicesb.com/wsdl/RASGenericService/}proposalDetails" sharedContext="" smoName="wsdl-primary" transientContext="" type="smo" types="" xpath="/body"/>
    <namespaces>
        <namespace kind="supplement" prefix="in2" uri="http://RACASBO"/>
        <namespace kind="supplement" prefix="in4" uri="http://GCLibrary/org/aig/access/BO"/>
        <namespace kind="supplement" prefix="in3" uri="wsdl.http://GCDomain-v1.0.0/org/tataaig/access/RetrieveAccessGC"/>
        <namespace kind="supplement" prefix="io5" uri="http://www.ibm.com/xmlns/prod/websphere/http/sca/6.1.0"/>
        <namespace kind="supplement" prefix="io4" uri="http://www.w3.org/2003/05/soap-envelope"/>
        <namespace kind="supplement" prefix="io3" uri="http://www.ibm.com/xmlns/prod/websphere/mq/sca/6.0.0"/>
        <namespace kind="supplement" prefix="io2" uri="http://www.ibm.com/websphere/sibx/smo/v6.0.1"/>
        <namespace kind="supplement" prefix="io6" uri="http://www.w3.org/2005/08/addressing"/>
        <namespace kind="supplement" prefix="in5" uri="http://GCDomain-v1.0.0/org/tataaig/access/RetrieveAccessGC"/>
        <namespace kind="supplement" prefix="in" uri="http://GCLibrary/org/aig/access/bo"/>
        <namespace kind="supplement" prefix="io" uri="http://schemas.xmlsoap.org/ws/2004/08/addressing"/>
        <namespace kind="supplement" prefix="out3" uri="http://stub.tagicesb.com/wsdl/RASGenericService/"/>
        <namespace kind="supplement" prefix="out2" uri="wsdl.http://stub.tagicesb.com/wsdl/RASGenericService/"/>
        <namespace kind="supplement" prefix="out" uri="WebService_RefundDetails"/>
    </namespaces>
    <mappingDeclaration name="find_Proposals_InputMap_req_1">
        <input path="body"/>
        <output path="body"/>
        <move>
            <input path="findProposals/proposalsInput/source"/>
            <output path="proposalDetails/source"/>
        </move>
        <move>
            <input path="findProposals/proposalsInput/medium"/>
            <output path="proposalDetails/medium"/>
        </move>
        <move>
            <input path="findProposals/proposalsInput/campaign"/>
            <output path="proposalDetails/campaign"/>
        </move>
        <move>
            <input path="findProposals/proposalsInput/strServiceToken"/>
            <output path="proposalDetails/strServiceToken"/>
        </move>
        <move>
            <input path="findProposals/userId"/>
            <output path="proposalDetails/ProposalDetails/UserId"/>
        </move>
        <move>
            <input path="findProposals/policyNo"/>
            <output path="proposalDetails/ProposalDetails/PolicyNo"/>
        </move>
    </mappingDeclaration>
</mappingRoot>